#
# There is insufficient memory for the Java Runtime Environment to continue.
# Native memory allocation (mmap) failed to map 65536 bytes for Failed to commit metaspace.
# Possible reasons:
#   The system is out of physical RAM or swap space
#   The process is running with CompressedOops enabled, and the Java Heap may be blocking the growth of the native heap
# Possible solutions:
#   Reduce memory load on the system
#   Increase physical memory or swap space
#   Check if swap backing store is full
#   Decrease Java heap size (-Xmx/-Xms)
#   Decrease number of Java threads
#   Decrease Java thread stack sizes (-Xss)
#   Set larger code cache with -XX:ReservedCodeCacheSize=
#   JVM is running with Unscaled Compressed Oops mode in which the Java heap is
#     placed in the first 4GB address space. The Java Heap base address is the
#     maximum limit for the native heap growth. Please use -XX:HeapBaseMinAddress
#     to set the Java Heap base and to place the Java Heap above 4GB virtual address.
# This output file may be truncated or incomplete.
#
#  Out of Memory Error (virtualSpaceNode.cpp:110), pid=4864, tid=5552
#
# JRE version: Java(TM) SE Runtime Environment (17.0.12+8) (build 17.0.12+8-LTS-286)
# Java VM: Java HotSpot(TM) 64-Bit Server VM (17.0.12+8-LTS-286, mixed mode, sharing, tiered, compressed oops, compressed class ptrs, g1 gc, windows-amd64)
# No core dump will be written. Minidumps are not enabled by default on client versions of Windows
#

---------------  S U M M A R Y ------------

Command Line: -ea -Dfile.encoding=UTF-8 -Dstdout.encoding=UTF-8 -Dstderr.encoding=UTF-8 -XX:+ShowCodeDetailsInExceptionMessages org.eclipse.jdt.internal.junit.runner.RemoteTestRunner -version 3 -port 50487 -testLoaderClass org.eclipse.jdt.internal.junit5.runner.JUnit5TestLoader -loaderpluginname org.eclipse.jdt.junit5.runtime -packageNameFile C:\Users\DELL\AppData\Local\Temp\packageNames17826271705352150055.txt

Host: 11th Gen Intel(R) Core(TM) i5-1135G7 @ 2.40GHz, 8 cores, 7G,  Windows 11 , 64 bit Build 26100 (10.0.26100.8246)
Time: Tue May  5 13:43:16 2026 India Standard Time elapsed time: 1.691775 seconds (0d 0h 0m 1s)

---------------  T H R E A D  ---------------

Current thread (0x000001c06c673eb0):  JavaThread "main" [_thread_in_vm, id=5552, stack(0x00000003aec00000,0x00000003aed00000)]

Stack: [0x00000003aec00000,0x00000003aed00000]
Native frames: (J=compiled Java code, j=interpreted, Vv=VM code, C=native code)
V  [jvm.dll+0x67a04a]
V  [jvm.dll+0x7da4ed]
V  [jvm.dll+0x7dbe33]
V  [jvm.dll+0x7dc4a3]
V  [jvm.dll+0x24508f]
V  [jvm.dll+0x7d60bb]
V  [jvm.dll+0x6206c6]
V  [jvm.dll+0x62072a]
V  [jvm.dll+0x622f4d]
V  [jvm.dll+0x621086]
V  [jvm.dll+0x23936f]
V  [jvm.dll+0x62af35]
V  [jvm.dll+0x1e84b2]
V  [jvm.dll+0x1e89d5]
V  [jvm.dll+0x1e931b]
V  [jvm.dll+0x1dea41]
V  [jvm.dll+0x53f78c]
V  [jvm.dll+0x1ef3ca]
V  [jvm.dll+0x7547ad]
V  [jvm.dll+0x755bc6]
V  [jvm.dll+0x755ef8]
V  [jvm.dll+0x23d13b]
V  [jvm.dll+0x37d08e]
C  0x000001c00754b706

Java frames: (J=compiled Java code, j=interpreted, Vv=VM code)
j  java.net.InetSocketAddress.<init>(Ljava/lang/String;I)V+28 java.base@17.0.12
j  java.net.Socket.<init>(Ljava/lang/String;I)V+11 java.base@17.0.12
j  org.eclipse.jdt.internal.junit.runner.RemoteTestRunner.connect()Z+134
j  org.eclipse.jdt.internal.junit.runner.RemoteTestRunner.run()V+1
j  org.eclipse.jdt.internal.junit.runner.RemoteTestRunner.main([Ljava/lang/String;)V+14
v  ~StubRoutines::call_stub

---------------  P R O C E S S  ---------------

Threads class SMR info:
_java_thread_list=0x000001c07d938b50, length=13, elements={
0x000001c06c673eb0, 0x000001c07d39a660, 0x000001c07d39c240, 0x000001c07d3b33b0,
0x000001c07d3b5c90, 0x000001c07d3b6560, 0x000001c07d3b6e30, 0x000001c07d3b7a30,
0x000001c07d525010, 0x000001c07d54f840, 0x000001c07d744070, 0x000001c07d763a60,
0x000001c07d8b3240
}

Java Threads: ( => current thread )
=>0x000001c06c673eb0 JavaThread "main" [_thread_in_vm, id=5552, stack(0x00000003aec00000,0x00000003aed00000)]
  0x000001c07d39a660 JavaThread "Reference Handler" daemon [_thread_blocked, id=21968, stack(0x00000003af300000,0x00000003af400000)]
  0x000001c07d39c240 JavaThread "Finalizer" daemon [_thread_blocked, id=20196, stack(0x00000003af400000,0x00000003af500000)]
  0x000001c07d3b33b0 JavaThread "Signal Dispatcher" daemon [_thread_blocked, id=21292, stack(0x00000003af500000,0x00000003af600000)]
  0x000001c07d3b5c90 JavaThread "Attach Listener" daemon [_thread_blocked, id=16668, stack(0x00000003af600000,0x00000003af700000)]
  0x000001c07d3b6560 JavaThread "Service Thread" daemon [_thread_blocked, id=1840, stack(0x00000003af700000,0x00000003af800000)]
  0x000001c07d3b6e30 JavaThread "Monitor Deflation Thread" daemon [_thread_blocked, id=8980, stack(0x00000003af800000,0x00000003af900000)]
  0x000001c07d3b7a30 JavaThread "C2 CompilerThread0" daemon [_thread_blocked, id=9512, stack(0x00000003af900000,0x00000003afa00000)]
  0x000001c07d525010 JavaThread "C1 CompilerThread0" daemon [_thread_blocked, id=15104, stack(0x00000003afa00000,0x00000003afb00000)]
  0x000001c07d54f840 JavaThread "Sweeper thread" daemon [_thread_blocked, id=17148, stack(0x00000003afb00000,0x00000003afc00000)]
  0x000001c07d744070 JavaThread "Notification Thread" daemon [_thread_blocked, id=5992, stack(0x00000003afc00000,0x00000003afd00000)]
  0x000001c07d763a60 JavaThread "Common-Cleaner" daemon [_thread_blocked, id=5156, stack(0x00000003afe00000,0x00000003aff00000)]
  0x000001c07d8b3240 JavaThread "C2 CompilerThread1" daemon [_thread_in_native, id=17936, stack(0x00000003aff00000,0x00000003b0000000)]

Other Threads:
  0x000001c07d394df0 VMThread "VM Thread" [stack: 0x00000003af200000,0x00000003af300000] [id=15964]
  0x000001c07d754990 WatcherThread [stack: 0x00000003afd00000,0x00000003afe00000] [id=1952]
  0x000001c06c6cc6d0 GCTaskThread "GC Thread#0" [stack: 0x00000003aed00000,0x00000003aee00000] [id=7596]
  0x000001c06c6debb0 ConcurrentGCThread "G1 Main Marker" [stack: 0x00000003aee00000,0x00000003aef00000] [id=13348]
  0x000001c06c6df370 ConcurrentGCThread "G1 Conc#0" [stack: 0x00000003aef00000,0x00000003af000000] [id=18628]
  0x000001c06c71ea50 ConcurrentGCThread "G1 Refine#0" [stack: 0x00000003af000000,0x00000003af100000] [id=22056]
  0x000001c07d23e510 ConcurrentGCThread "G1 Service" [stack: 0x00000003af100000,0x00000003af200000] [id=8568]

Threads with active compile tasks:
C2 CompilerThread1     1739  469   !   4       java.util.zip.ZipFile::getEntry (59 bytes)

VM state: not at safepoint (normal execution)

VM Mutex/Monitor currently owned by a thread:  ([mutex/lock_event])
[0x000001c06c6711d0] Metaspace_lock - owner thread: 0x000001c06c673eb0

Heap address: 0x0000000084200000, size: 1982 MB, Compressed Oops mode: 32-bit

CDS archive(s) mapped at: [0x000001c00f000000-0x000001c00fbd0000-0x000001c00fbd0000), size 12386304, SharedBaseAddress: 0x000001c00f000000, ArchiveRelocationMode: 1.
Compressed class space mapped at: 0x000001c010000000-0x000001c050000000, reserved size: 1073741824
Narrow klass base: 0x000001c00f000000, Narrow klass shift: 0, Narrow klass range: 0x100000000

GC Precious Log:
 CPUs: 8 total, 8 available
 Memory: 7926M
 Large Page Support: Disabled
 NUMA Support: Disabled
 Compressed Oops: Enabled (32-bit)
 Heap Region Size: 1M
 Heap Min Capacity: 8M
 Heap Initial Capacity: 124M
 Heap Max Capacity: 1982M
 Pre-touch: Disabled
 Parallel Workers: 8
 Concurrent Workers: 2
 Concurrent Refinement Workers: 8
 Periodic GC: Disabled

Heap:
 garbage-first heap   total 126976K, used 15360K [0x0000000084200000, 0x0000000100000000)
  region size 1024K, 13 young (13312K), 0 survivors (0K)
 Metaspace       used 884K, committed 960K, reserved 1114112K
  class space    used 57K, committed 128K, reserved 1048576K

Heap Regions: E=young(eden), S=young(survivor), O=old, HS=humongous(starts), HC=humongous(continues), CS=collection set, F=free, OA=open archive, CA=closed archive, TAMS=top-at-mark-start (previous, next)
|   0|0x0000000084200000, 0x0000000084300000, 0x0000000084300000|100%|HS|  |TAMS 0x0000000084200000, 0x0000000084200000| Complete 
|   1|0x0000000084300000, 0x0000000084400000, 0x0000000084400000|100%|HS|  |TAMS 0x0000000084300000, 0x0000000084300000| Complete 
|   2|0x0000000084400000, 0x0000000084500000, 0x0000000084500000|100%|HS|  |TAMS 0x0000000084400000, 0x0000000084400000| Complete 
|   3|0x0000000084500000, 0x0000000084600000, 0x0000000084600000|100%|HS|  |TAMS 0x0000000084500000, 0x0000000084500000| Complete 
|   4|0x0000000084600000, 0x0000000084600000, 0x0000000084700000|  0%| F|  |TAMS 0x0000000084600000, 0x0000000084600000| Untracked 
|   5|0x0000000084700000, 0x0000000084700000, 0x0000000084800000|  0%| F|  |TAMS 0x0000000084700000, 0x0000000084700000| Untracked 
|   6|0x0000000084800000, 0x0000000084800000, 0x0000000084900000|  0%| F|  |TAMS 0x0000000084800000, 0x0000000084800000| Untracked 
|   7|0x0000000084900000, 0x0000000084900000, 0x0000000084a00000|  0%| F|  |TAMS 0x0000000084900000, 0x0000000084900000| Untracked 
|   8|0x0000000084a00000, 0x0000000084a00000, 0x0000000084b00000|  0%| F|  |TAMS 0x0000000084a00000, 0x0000000084a00000| Untracked 
|   9|0x0000000084b00000, 0x0000000084b00000, 0x0000000084c00000|  0%| F|  |TAMS 0x0000000084b00000, 0x0000000084b00000| Untracked 
|  10|0x0000000084c00000, 0x0000000084c00000, 0x0000000084d00000|  0%| F|  |TAMS 0x0000000084c00000, 0x0000000084c00000| Untracked 
|  11|0x0000000084d00000, 0x0000000084d00000, 0x0000000084e00000|  0%| F|  |TAMS 0x0000000084d00000, 0x0000000084d00000| Untracked 
|  12|0x0000000084e00000, 0x0000000084e00000, 0x0000000084f00000|  0%| F|  |TAMS 0x0000000084e00000, 0x0000000084e00000| Untracked 
|  13|0x0000000084f00000, 0x0000000084f00000, 0x0000000085000000|  0%| F|  |TAMS 0x0000000084f00000, 0x0000000084f00000| Untracked 
|  14|0x0000000085000000, 0x0000000085000000, 0x0000000085100000|  0%| F|  |TAMS 0x0000000085000000, 0x0000000085000000| Untracked 
|  15|0x0000000085100000, 0x0000000085100000, 0x0000000085200000|  0%| F|  |TAMS 0x0000000085100000, 0x0000000085100000| Untracked 
|  16|0x0000000085200000, 0x0000000085200000, 0x0000000085300000|  0%| F|  |TAMS 0x0000000085200000, 0x0000000085200000| Untracked 
|  17|0x0000000085300000, 0x0000000085300000, 0x0000000085400000|  0%| F|  |TAMS 0x0000000085300000, 0x0000000085300000| Untracked 
|  18|0x0000000085400000, 0x0000000085400000, 0x0000000085500000|  0%| F|  |TAMS 0x0000000085400000, 0x0000000085400000| Untracked 
|  19|0x0000000085500000, 0x0000000085500000, 0x0000000085600000|  0%| F|  |TAMS 0x0000000085500000, 0x0000000085500000| Untracked 
|  20|0x0000000085600000, 0x0000000085600000, 0x0000000085700000|  0%| F|  |TAMS 0x0000000085600000, 0x0000000085600000| Untracked 
|  21|0x0000000085700000, 0x0000000085700000, 0x0000000085800000|  0%| F|  |TAMS 0x0000000085700000, 0x0000000085700000| Untracked 
|  22|0x0000000085800000, 0x0000000085800000, 0x0000000085900000|  0%| F|  |TAMS 0x0000000085800000, 0x0000000085800000| Untracked 
|  23|0x0000000085900000, 0x0000000085900000, 0x0000000085a00000|  0%| F|  |TAMS 0x0000000085900000, 0x0000000085900000| Untracked 
|  24|0x0000000085a00000, 0x0000000085a00000, 0x0000000085b00000|  0%| F|  |TAMS 0x0000000085a00000, 0x0000000085a00000| Untracked 
|  25|0x0000000085b00000, 0x0000000085b00000, 0x0000000085c00000|  0%| F|  |TAMS 0x0000000085b00000, 0x0000000085b00000| Untracked 
|  26|0x0000000085c00000, 0x0000000085c00000, 0x0000000085d00000|  0%| F|  |TAMS 0x0000000085c00000, 0x0000000085c00000| Untracked 
|  27|0x0000000085d00000, 0x0000000085d00000, 0x0000000085e00000|  0%| F|  |TAMS 0x0000000085d00000, 0x0000000085d00000| Untracked 
|  28|0x0000000085e00000, 0x0000000085e00000, 0x0000000085f00000|  0%| F|  |TAMS 0x0000000085e00000, 0x0000000085e00000| Untracked 
|  29|0x0000000085f00000, 0x0000000085f00000, 0x0000000086000000|  0%| F|  |TAMS 0x0000000085f00000, 0x0000000085f00000| Untracked 
|  30|0x0000000086000000, 0x0000000086000000, 0x0000000086100000|  0%| F|  |TAMS 0x0000000086000000, 0x0000000086000000| Untracked 
|  31|0x0000000086100000, 0x0000000086100000, 0x0000000086200000|  0%| F|  |TAMS 0x0000000086100000, 0x0000000086100000| Untracked 
|  32|0x0000000086200000, 0x0000000086200000, 0x0000000086300000|  0%| F|  |TAMS 0x0000000086200000, 0x0000000086200000| Untracked 
|  33|0x0000000086300000, 0x0000000086300000, 0x0000000086400000|  0%| F|  |TAMS 0x0000000086300000, 0x0000000086300000| Untracked 
|  34|0x0000000086400000, 0x0000000086400000, 0x0000000086500000|  0%| F|  |TAMS 0x0000000086400000, 0x0000000086400000| Untracked 
|  35|0x0000000086500000, 0x0000000086500000, 0x0000000086600000|  0%| F|  |TAMS 0x0000000086500000, 0x0000000086500000| Untracked 
|  36|0x0000000086600000, 0x0000000086600000, 0x0000000086700000|  0%| F|  |TAMS 0x0000000086600000, 0x0000000086600000| Untracked 
|  37|0x0000000086700000, 0x0000000086700000, 0x0000000086800000|  0%| F|  |TAMS 0x0000000086700000, 0x0000000086700000| Untracked 
|  38|0x0000000086800000, 0x0000000086800000, 0x0000000086900000|  0%| F|  |TAMS 0x0000000086800000, 0x0000000086800000| Untracked 
|  39|0x0000000086900000, 0x0000000086900000, 0x0000000086a00000|  0%| F|  |TAMS 0x0000000086900000, 0x0000000086900000| Untracked 
|  40|0x0000000086a00000, 0x0000000086a00000, 0x0000000086b00000|  0%| F|  |TAMS 0x0000000086a00000, 0x0000000086a00000| Untracked 
|  41|0x0000000086b00000, 0x0000000086b00000, 0x0000000086c00000|  0%| F|  |TAMS 0x0000000086b00000, 0x0000000086b00000| Untracked 
|  42|0x0000000086c00000, 0x0000000086c00000, 0x0000000086d00000|  0%| F|  |TAMS 0x0000000086c00000, 0x0000000086c00000| Untracked 
|  43|0x0000000086d00000, 0x0000000086d00000, 0x0000000086e00000|  0%| F|  |TAMS 0x0000000086d00000, 0x0000000086d00000| Untracked 
|  44|0x0000000086e00000, 0x0000000086e00000, 0x0000000086f00000|  0%| F|  |TAMS 0x0000000086e00000, 0x0000000086e00000| Untracked 
|  45|0x0000000086f00000, 0x0000000086f00000, 0x0000000087000000|  0%| F|  |TAMS 0x0000000086f00000, 0x0000000086f00000| Untracked 
|  46|0x0000000087000000, 0x0000000087000000, 0x0000000087100000|  0%| F|  |TAMS 0x0000000087000000, 0x0000000087000000| Untracked 
|  47|0x0000000087100000, 0x0000000087100000, 0x0000000087200000|  0%| F|  |TAMS 0x0000000087100000, 0x0000000087100000| Untracked 
|  48|0x0000000087200000, 0x0000000087200000, 0x0000000087300000|  0%| F|  |TAMS 0x0000000087200000, 0x0000000087200000| Untracked 
|  49|0x0000000087300000, 0x0000000087300000, 0x0000000087400000|  0%| F|  |TAMS 0x0000000087300000, 0x0000000087300000| Untracked 
|  50|0x0000000087400000, 0x0000000087400000, 0x0000000087500000|  0%| F|  |TAMS 0x0000000087400000, 0x0000000087400000| Untracked 
|  51|0x0000000087500000, 0x0000000087500000, 0x0000000087600000|  0%| F|  |TAMS 0x0000000087500000, 0x0000000087500000| Untracked 
|  52|0x0000000087600000, 0x0000000087600000, 0x0000000087700000|  0%| F|  |TAMS 0x0000000087600000, 0x0000000087600000| Untracked 
|  53|0x0000000087700000, 0x0000000087700000, 0x0000000087800000|  0%| F|  |TAMS 0x0000000087700000, 0x0000000087700000| Untracked 
|  54|0x0000000087800000, 0x0000000087800000, 0x0000000087900000|  0%| F|  |TAMS 0x0000000087800000, 0x0000000087800000| Untracked 
|  55|0x0000000087900000, 0x0000000087900000, 0x0000000087a00000|  0%| F|  |TAMS 0x0000000087900000, 0x0000000087900000| Untracked 
|  56|0x0000000087a00000, 0x0000000087a00000, 0x0000000087b00000|  0%| F|  |TAMS 0x0000000087a00000, 0x0000000087a00000| Untracked 
|  57|0x0000000087b00000, 0x0000000087b00000, 0x0000000087c00000|  0%| F|  |TAMS 0x0000000087b00000, 0x0000000087b00000| Untracked 
|  58|0x0000000087c00000, 0x0000000087c00000, 0x0000000087d00000|  0%| F|  |TAMS 0x0000000087c00000, 0x0000000087c00000| Untracked 
|  59|0x0000000087d00000, 0x0000000087d00000, 0x0000000087e00000|  0%| F|  |TAMS 0x0000000087d00000, 0x0000000087d00000| Untracked 
|  60|0x0000000087e00000, 0x0000000087e00000, 0x0000000087f00000|  0%| F|  |TAMS 0x0000000087e00000, 0x0000000087e00000| Untracked 
|  61|0x0000000087f00000, 0x0000000087f00000, 0x0000000088000000|  0%| F|  |TAMS 0x0000000087f00000, 0x0000000087f00000| Untracked 
|  62|0x0000000088000000, 0x0000000088000000, 0x0000000088100000|  0%| F|  |TAMS 0x0000000088000000, 0x0000000088000000| Untracked 
|  63|0x0000000088100000, 0x0000000088100000, 0x0000000088200000|  0%| F|  |TAMS 0x0000000088100000, 0x0000000088100000| Untracked 
|  64|0x0000000088200000, 0x0000000088200000, 0x0000000088300000|  0%| F|  |TAMS 0x0000000088200000, 0x0000000088200000| Untracked 
|  65|0x0000000088300000, 0x0000000088300000, 0x0000000088400000|  0%| F|  |TAMS 0x0000000088300000, 0x0000000088300000| Untracked 
|  66|0x0000000088400000, 0x0000000088400000, 0x0000000088500000|  0%| F|  |TAMS 0x0000000088400000, 0x0000000088400000| Untracked 
|  67|0x0000000088500000, 0x0000000088500000, 0x0000000088600000|  0%| F|  |TAMS 0x0000000088500000, 0x0000000088500000| Untracked 
|  68|0x0000000088600000, 0x0000000088600000, 0x0000000088700000|  0%| F|  |TAMS 0x0000000088600000, 0x0000000088600000| Untracked 
|  69|0x0000000088700000, 0x0000000088700000, 0x0000000088800000|  0%| F|  |TAMS 0x0000000088700000, 0x0000000088700000| Untracked 
|  70|0x0000000088800000, 0x0000000088800000, 0x0000000088900000|  0%| F|  |TAMS 0x0000000088800000, 0x0000000088800000| Untracked 
|  71|0x0000000088900000, 0x0000000088900000, 0x0000000088a00000|  0%| F|  |TAMS 0x0000000088900000, 0x0000000088900000| Untracked 
|  72|0x0000000088a00000, 0x0000000088a00000, 0x0000000088b00000|  0%| F|  |TAMS 0x0000000088a00000, 0x0000000088a00000| Untracked 
|  73|0x0000000088b00000, 0x0000000088b00000, 0x0000000088c00000|  0%| F|  |TAMS 0x0000000088b00000, 0x0000000088b00000| Untracked 
|  74|0x0000000088c00000, 0x0000000088c00000, 0x0000000088d00000|  0%| F|  |TAMS 0x0000000088c00000, 0x0000000088c00000| Untracked 
|  75|0x0000000088d00000, 0x0000000088d00000, 0x0000000088e00000|  0%| F|  |TAMS 0x0000000088d00000, 0x0000000088d00000| Untracked 
|  76|0x0000000088e00000, 0x0000000088e00000, 0x0000000088f00000|  0%| F|  |TAMS 0x0000000088e00000, 0x0000000088e00000| Untracked 
|  77|0x0000000088f00000, 0x0000000088f00000, 0x0000000089000000|  0%| F|  |TAMS 0x0000000088f00000, 0x0000000088f00000| Untracked 
|  78|0x0000000089000000, 0x0000000089000000, 0x0000000089100000|  0%| F|  |TAMS 0x0000000089000000, 0x0000000089000000| Untracked 
|  79|0x0000000089100000, 0x0000000089100000, 0x0000000089200000|  0%| F|  |TAMS 0x0000000089100000, 0x0000000089100000| Untracked 
|  80|0x0000000089200000, 0x0000000089200000, 0x0000000089300000|  0%| F|  |TAMS 0x0000000089200000, 0x0000000089200000| Untracked 
|  81|0x0000000089300000, 0x0000000089300000, 0x0000000089400000|  0%| F|  |TAMS 0x0000000089300000, 0x0000000089300000| Untracked 
|  82|0x0000000089400000, 0x0000000089400000, 0x0000000089500000|  0%| F|  |TAMS 0x0000000089400000, 0x0000000089400000| Untracked 
|  83|0x0000000089500000, 0x0000000089500000, 0x0000000089600000|  0%| F|  |TAMS 0x0000000089500000, 0x0000000089500000| Untracked 
|  84|0x0000000089600000, 0x0000000089600000, 0x0000000089700000|  0%| F|  |TAMS 0x0000000089600000, 0x0000000089600000| Untracked 
|  85|0x0000000089700000, 0x0000000089700000, 0x0000000089800000|  0%| F|  |TAMS 0x0000000089700000, 0x0000000089700000| Untracked 
|  86|0x0000000089800000, 0x0000000089800000, 0x0000000089900000|  0%| F|  |TAMS 0x0000000089800000, 0x0000000089800000| Untracked 
|  87|0x0000000089900000, 0x0000000089900000, 0x0000000089a00000|  0%| F|  |TAMS 0x0000000089900000, 0x0000000089900000| Untracked 
|  88|0x0000000089a00000, 0x0000000089a00000, 0x0000000089b00000|  0%| F|  |TAMS 0x0000000089a00000, 0x0000000089a00000| Untracked 
|  89|0x0000000089b00000, 0x0000000089b00000, 0x0000000089c00000|  0%| F|  |TAMS 0x0000000089b00000, 0x0000000089b00000| Untracked 
|  90|0x0000000089c00000, 0x0000000089c00000, 0x0000000089d00000|  0%| F|  |TAMS 0x0000000089c00000, 0x0000000089c00000| Untracked 
|  91|0x0000000089d00000, 0x0000000089d00000, 0x0000000089e00000|  0%| F|  |TAMS 0x0000000089d00000, 0x0000000089d00000| Untracked 
|  92|0x0000000089e00000, 0x0000000089e00000, 0x0000000089f00000|  0%| F|  |TAMS 0x0000000089e00000, 0x0000000089e00000| Untracked 
|  93|0x0000000089f00000, 0x0000000089f00000, 0x000000008a000000|  0%| F|  |TAMS 0x0000000089f00000, 0x0000000089f00000| Untracked 
|  94|0x000000008a000000, 0x000000008a000000, 0x000000008a100000|  0%| F|  |TAMS 0x000000008a000000, 0x000000008a000000| Untracked 
|  95|0x000000008a100000, 0x000000008a100000, 0x000000008a200000|  0%| F|  |TAMS 0x000000008a100000, 0x000000008a100000| Untracked 
|  96|0x000000008a200000, 0x000000008a200000, 0x000000008a300000|  0%| F|  |TAMS 0x000000008a200000, 0x000000008a200000| Untracked 
|  97|0x000000008a300000, 0x000000008a300000, 0x000000008a400000|  0%| F|  |TAMS 0x000000008a300000, 0x000000008a300000| Untracked 
|  98|0x000000008a400000, 0x000000008a400000, 0x000000008a500000|  0%| F|  |TAMS 0x000000008a400000, 0x000000008a400000| Untracked 
|  99|0x000000008a500000, 0x000000008a500000, 0x000000008a600000|  0%| F|  |TAMS 0x000000008a500000, 0x000000008a500000| Untracked 
| 100|0x000000008a600000, 0x000000008a600000, 0x000000008a700000|  0%| F|  |TAMS 0x000000008a600000, 0x000000008a600000| Untracked 
| 101|0x000000008a700000, 0x000000008a700000, 0x000000008a800000|  0%| F|  |TAMS 0x000000008a700000, 0x000000008a700000| Untracked 
| 102|0x000000008a800000, 0x000000008a800000, 0x000000008a900000|  0%| F|  |TAMS 0x000000008a800000, 0x000000008a800000| Untracked 
| 103|0x000000008a900000, 0x000000008a900000, 0x000000008aa00000|  0%| F|  |TAMS 0x000000008a900000, 0x000000008a900000| Untracked 
| 104|0x000000008aa00000, 0x000000008aa00000, 0x000000008ab00000|  0%| F|  |TAMS 0x000000008aa00000, 0x000000008aa00000| Untracked 
| 105|0x000000008ab00000, 0x000000008ab00000, 0x000000008ac00000|  0%| F|  |TAMS 0x000000008ab00000, 0x000000008ab00000| Untracked 
| 106|0x000000008ac00000, 0x000000008ac00000, 0x000000008ad00000|  0%| F|  |TAMS 0x000000008ac00000, 0x000000008ac00000| Untracked 
| 107|0x000000008ad00000, 0x000000008ad00000, 0x000000008ae00000|  0%| F|  |TAMS 0x000000008ad00000, 0x000000008ad00000| Untracked 
| 108|0x000000008ae00000, 0x000000008ae00000, 0x000000008af00000|  0%| F|  |TAMS 0x000000008ae00000, 0x000000008ae00000| Untracked 
| 109|0x000000008af00000, 0x000000008af00000, 0x000000008b000000|  0%| F|  |TAMS 0x000000008af00000, 0x000000008af00000| Untracked 
| 110|0x000000008b000000, 0x000000008b000000, 0x000000008b100000|  0%| F|  |TAMS 0x000000008b000000, 0x000000008b000000| Untracked 
| 111|0x000000008b100000, 0x000000008b176488, 0x000000008b200000| 46%| E|  |TAMS 0x000000008b100000, 0x000000008b100000| Complete 
| 112|0x000000008b200000, 0x000000008b300000, 0x000000008b300000|100%| E|CS|TAMS 0x000000008b200000, 0x000000008b200000| Complete 
| 113|0x000000008b300000, 0x000000008b400000, 0x000000008b400000|100%| E|CS|TAMS 0x000000008b300000, 0x000000008b300000| Complete 
| 114|0x000000008b400000, 0x000000008b500000, 0x000000008b500000|100%| E|CS|TAMS 0x000000008b400000, 0x000000008b400000| Complete 
| 115|0x000000008b500000, 0x000000008b600000, 0x000000008b600000|100%| E|CS|TAMS 0x000000008b500000, 0x000000008b500000| Complete 
| 116|0x000000008b600000, 0x000000008b700000, 0x000000008b700000|100%| E|  |TAMS 0x000000008b600000, 0x000000008b600000| Complete 
| 117|0x000000008b700000, 0x000000008b800000, 0x000000008b800000|100%| E|CS|TAMS 0x000000008b700000, 0x000000008b700000| Complete 
| 118|0x000000008b800000, 0x000000008b900000, 0x000000008b900000|100%| E|CS|TAMS 0x000000008b800000, 0x000000008b800000| Complete 
| 119|0x000000008b900000, 0x000000008ba00000, 0x000000008ba00000|100%| E|CS|TAMS 0x000000008b900000, 0x000000008b900000| Complete 
| 120|0x000000008ba00000, 0x000000008bb00000, 0x000000008bb00000|100%| E|CS|TAMS 0x000000008ba00000, 0x000000008ba00000| Complete 
| 121|0x000000008bb00000, 0x000000008bc00000, 0x000000008bc00000|100%| E|CS|TAMS 0x000000008bb00000, 0x000000008bb00000| Complete 
| 122|0x000000008bc00000, 0x000000008bd00000, 0x000000008bd00000|100%| E|CS|TAMS 0x000000008bc00000, 0x000000008bc00000| Complete 
| 123|0x000000008bd00000, 0x000000008be00000, 0x000000008be00000|100%| E|CS|TAMS 0x000000008bd00000, 0x000000008bd00000| Complete 

Card table byte_map: [0x000001c076340000,0x000001c076720000] _byte_map_base: 0x000001c075f1f000

Marking Bits (Prev, Next): (CMBitMap*) 0x000001c06c6ccaa0, (CMBitMap*) 0x000001c06c6ccae0
 Prev Bits: [0x000001c076b00000, 0x000001c0789f8000)
 Next Bits: [0x000001c078a00000, 0x000001c07a8f8000)

Polling page: 0x000001c06c380000

Metaspace:

Usage:
  Non-class:    827.34 KB used.
      Class:     57.03 KB used.
       Both:    884.38 KB used.

Virtual space:
  Non-class space:       64.00 MB reserved,     832.00 KB (  1%) committed,  1 nodes.
      Class space:        1.00 GB reserved,     128.00 KB ( <1%) committed,  1 nodes.
             Both:        1.06 GB reserved,     960.00 KB ( <1%) committed. 

Chunk freelists:
   Non-Class:  11.81 MB
       Class:  15.72 MB
        Both:  27.53 MB

MaxMetaspaceSize: unlimited
CompressedClassSpaceSize: 1.00 GB
Initial GC threshold: 21.00 MB
Current GC threshold: 21.00 MB
CDS: on
MetaspaceReclaimPolicy: balanced
 - commit_granule_bytes: 65536.
 - commit_granule_words: 8192.
 - virtual_space_node_default_size: 8388608.
 - enlarge_chunks_in_place: 1.
 - new_chunks_are_fully_committed: 0.
 - uncommit_free_chunks: 1.
 - use_allocation_guard: 0.
 - handle_deallocations: 1.


Internal statistics:

num_allocs_failed_limit: 0.
num_arena_births: 10.
num_arena_deaths: 0.
num_vsnodes_births: 2.
num_vsnodes_deaths: 0.
num_space_committed: 15.
num_space_uncommitted: 0.
num_chunks_returned_to_freelist: 0.
num_chunks_taken_from_freelist: 24.
num_chunk_merges: 0.
num_chunk_splits: 15.
num_chunks_enlarged: 12.
num_inconsistent_stats: 0.

CodeHeap 'non-profiled nmethods': size=120000Kb used=184Kb max_used=184Kb free=119815Kb
 bounds [0x000001c007ad0000, 0x000001c007d40000, 0x000001c00f000000]
CodeHeap 'profiled nmethods': size=120000Kb used=837Kb max_used=837Kb free=119162Kb
 bounds [0x000001c000000000, 0x000001c000270000, 0x000001c007530000]
CodeHeap 'non-nmethods': size=5760Kb used=1126Kb max_used=1148Kb free=4633Kb
 bounds [0x000001c007530000, 0x000001c0077a0000, 0x000001c007ad0000]
 total_blobs=892 nmethods=498 adapters=307
 compilation: enabled
              stopped_count=0, restarted_count=0
 full_count=0

Compilation events (20 events):
Event: 1.631 Thread 0x000001c07d525010 nmethod 493 0x000001c0000c8110 code [0x000001c0000c8300, 0x000001c0000c8b98]
Event: 1.631 Thread 0x000001c07d525010  495   !   3       java.net.URL::<init> (543 bytes)
Event: 1.641 Thread 0x000001c07d525010 nmethod 495 0x000001c0000c8e90 code [0x000001c0000c9520, 0x000001c0000cce08]
Event: 1.641 Thread 0x000001c07d525010  494       3       java.net.URL::<init> (8 bytes)
Event: 1.641 Thread 0x000001c07d525010 nmethod 494 0x000001c0000cee90 code [0x000001c0000cf040, 0x000001c0000cf188]
Event: 1.641 Thread 0x000001c07d525010  496       3       java.net.URLStreamHandler::setURL (73 bytes)
Event: 1.643 Thread 0x000001c07d525010 nmethod 496 0x000001c0000cf210 code [0x000001c0000cf4e0, 0x000001c0000d0358]
Event: 1.646 Thread 0x000001c07d525010  498       3       java.lang.String::getChars (54 bytes)
Event: 1.647 Thread 0x000001c07d525010 nmethod 498 0x000001c0000d0890 code [0x000001c0000d0a80, 0x000001c0000d0ef8]
Event: 1.647 Thread 0x000001c07d525010  499       3       java.lang.StringLatin1::getChars (12 bytes)
Event: 1.647 Thread 0x000001c07d525010 nmethod 499 0x000001c0000d1110 code [0x000001c0000d12a0, 0x000001c0000d13c8]
Event: 1.650 Thread 0x000001c07d8b3240 nmethod 468 0x000001c007af8390 code [0x000001c007af8560, 0x000001c007af8f78]
Event: 1.650 Thread 0x000001c07d8b3240  497       4       java.lang.StringLatin1::indexOf (121 bytes)
Event: 1.664 Thread 0x000001c07d8b3240 nmethod 497 0x000001c007af9890 code [0x000001c007af9a20, 0x000001c007af9f38]
Event: 1.665 Thread 0x000001c07d8b3240  476       4       java.lang.StringLatin1::lastIndexOf (40 bytes)
Event: 1.671 Thread 0x000001c07d8b3240 nmethod 476 0x000001c007afa190 code [0x000001c007afa300, 0x000001c007afa4b8]
Event: 1.671 Thread 0x000001c07d8b3240  483       4       java.nio.DirectByteBuffer::ix (10 bytes)
Event: 1.671 Thread 0x000001c07d8b3240 nmethod 483 0x000001c007afa610 code [0x000001c007afa780, 0x000001c007afa7f8]
Event: 1.671 Thread 0x000001c07d8b3240  469   !   4       java.util.zip.ZipFile::getEntry (59 bytes)
Event: 1.689 Thread 0x000001c07d3b7a30 nmethod 461 0x000001c007afa910 code [0x000001c007afac00, 0x000001c007afcd38]

GC Heap History (0 events):
No events

Deoptimization events (20 events):
Event: 1.112 Thread 0x000001c06c673eb0 DEOPT PACKING pc=0x000001c00003edb4 sp=0x00000003aecfe0a0
Event: 1.112 Thread 0x000001c06c673eb0 DEOPT UNPACKING pc=0x000001c0075866e3 sp=0x00000003aecfd538 mode 0
Event: 1.276 Thread 0x000001c06c673eb0 DEOPT PACKING pc=0x000001c00005ed54 sp=0x00000003aecfdde0
Event: 1.276 Thread 0x000001c06c673eb0 DEOPT UNPACKING pc=0x000001c0075866e3 sp=0x00000003aecfd2a0 mode 0
Event: 1.298 Thread 0x000001c06c673eb0 DEOPT PACKING pc=0x000001c000047a56 sp=0x00000003aecfdda0
Event: 1.298 Thread 0x000001c06c673eb0 DEOPT UNPACKING pc=0x000001c0075866e3 sp=0x00000003aecfd228 mode 0
Event: 1.331 Thread 0x000001c06c673eb0 Uncommon trap: trap_request=0xffffff45 fr.pc=0x000001c007aeaff4 relative=0x0000000000000174
Event: 1.331 Thread 0x000001c06c673eb0 Uncommon trap: reason=unstable_if action=reinterpret pc=0x000001c007aeaff4 method=java.lang.StringCoding.hasNegatives([BII)Z @ 12 c2
Event: 1.331 Thread 0x000001c06c673eb0 DEOPT PACKING pc=0x000001c007aeaff4 sp=0x00000003aecfdda0
Event: 1.331 Thread 0x000001c06c673eb0 DEOPT UNPACKING pc=0x000001c007585ba3 sp=0x00000003aecfdd30 mode 2
Event: 1.339 Thread 0x000001c06c673eb0 DEOPT PACKING pc=0x000001c000097956 sp=0x00000003aecfdda0
Event: 1.339 Thread 0x000001c06c673eb0 DEOPT UNPACKING pc=0x000001c0075866e3 sp=0x00000003aecfd228 mode 0
Event: 1.373 Thread 0x000001c06c673eb0 DEOPT PACKING pc=0x000001c00004c772 sp=0x00000003aecfde60
Event: 1.373 Thread 0x000001c06c673eb0 DEOPT UNPACKING pc=0x000001c0075866e3 sp=0x00000003aecfd320 mode 0
Event: 1.473 Thread 0x000001c06c673eb0 DEOPT PACKING pc=0x000001c000097956 sp=0x00000003aecfa110
Event: 1.473 Thread 0x000001c06c673eb0 DEOPT UNPACKING pc=0x000001c0075866e3 sp=0x00000003aecf9598 mode 0
Event: 1.610 Thread 0x000001c06c673eb0 DEOPT PACKING pc=0x000001c00000ec65 sp=0x00000003aecfd670
Event: 1.610 Thread 0x000001c06c673eb0 DEOPT UNPACKING pc=0x000001c0075866e3 sp=0x00000003aecfcac0 mode 0
Event: 1.631 Thread 0x000001c06c673eb0 DEOPT PACKING pc=0x000001c00000ec65 sp=0x00000003aecfd970
Event: 1.631 Thread 0x000001c06c673eb0 DEOPT UNPACKING pc=0x000001c0075866e3 sp=0x00000003aecfcdc0 mode 0

Classes unloaded (0 events):
No events

Classes redefined (0 events):
No events

Internal exceptions (1 events):
Event: 1.601 Thread 0x000001c06c673eb0 Exception <a 'java/lang/NoSuchMethodError'{0x000000008b28b2c8}: 'void java.lang.invoke.DirectMethodHandle$Holder.invokeStatic(java.lang.Object, java.lang.Object, java.lang.Object)'> (0x000000008b28b2c8) 
thrown [s\open\src\hotspot\share\interpreter\linkResolver.cpp, line 759]

VM Operations (6 events):
Event: 0.855 Executing VM operation: HandshakeAllThreads
Event: 0.855 Executing VM operation: HandshakeAllThreads done
Event: 1.661 Executing VM operation: HandshakeAllThreads
Event: 1.661 Executing VM operation: HandshakeAllThreads done
Event: 1.661 Executing VM operation: Cleanup
Event: 1.662 Executing VM operation: Cleanup done

Events (20 events):
Event: 1.411 loading class java/io/IOException
Event: 1.412 loading class java/io/IOException done
Event: 1.412 loading class java/io/UnsupportedEncodingException done
Event: 1.412 loading class java/lang/InterruptedException
Event: 1.413 loading class java/lang/InterruptedException done
Event: 1.413 loading class java/io/StringWriter
Event: 1.414 loading class java/io/StringWriter done
Event: 1.584 Loaded shared library C:\Program Files\Java\jdk-17\bin\jimage.dll
Event: 1.593 loading class java/util/zip/ZipFile$ZipEntryIterator
Event: 1.593 loading class java/util/zip/ZipFile$ZipEntryIterator done
Event: 1.618 loading class java/lang/SecurityException
Event: 1.619 loading class java/lang/SecurityException done
Event: 1.621 Thread 0x000001c07d8b3240 Thread added: 0x000001c07d8b3240
Event: 1.654 loading class java/net/Socket
Event: 1.654 loading class java/net/Socket done
Event: 1.656 loading class java/net/InetSocketAddress
Event: 1.657 loading class java/net/SocketAddress
Event: 1.657 loading class java/net/SocketAddress done
Event: 1.657 loading class java/net/InetSocketAddress done
Event: 1.688 loading class java/net/InetSocketAddress$InetSocketAddressHolder


Dynamic libraries:
0x00007ff7e0660000 - 0x00007ff7e0670000 	C:\Program Files\Java\jdk-17\bin\javaw.exe
0x00007ff8658e0000 - 0x00007ff865b47000 	C:\WINDOWS\SYSTEM32\ntdll.dll
0x00007ff863c20000 - 0x00007ff863ce9000 	C:\WINDOWS\System32\KERNEL32.DLL
0x00007ff863270000 - 0x00007ff863664000 	C:\WINDOWS\System32\KERNELBASE.dll
0x00007ff863120000 - 0x00007ff86326b000 	C:\WINDOWS\System32\ucrtbase.dll
0x00007ff85f430000 - 0x00007ff85f449000 	C:\Program Files\Java\jdk-17\bin\jli.dll
0x00007ff865410000 - 0x00007ff8654c6000 	C:\WINDOWS\System32\ADVAPI32.dll
0x00007ff863670000 - 0x00007ff863719000 	C:\WINDOWS\System32\msvcrt.dll
0x00007ff863ab0000 - 0x00007ff863b57000 	C:\WINDOWS\System32\sechost.dll
0x00007ff8645d0000 - 0x00007ff8646e8000 	C:\WINDOWS\System32\RPCRT4.dll
0x00007ff863ed0000 - 0x00007ff864095000 	C:\WINDOWS\System32\USER32.dll
0x00007ff8621b0000 - 0x00007ff8621d7000 	C:\WINDOWS\System32\win32u.dll
0x00007ff8650a0000 - 0x00007ff8650cb000 	C:\WINDOWS\System32\GDI32.dll
0x00007ff8621e0000 - 0x00007ff86230b000 	C:\WINDOWS\System32\gdi32full.dll
0x00007ff862750000 - 0x00007ff8627f3000 	C:\WINDOWS\System32\msvcp_win.dll
0x00007ff853b80000 - 0x00007ff853b9b000 	C:\Program Files\Java\jdk-17\bin\VCRUNTIME140.dll
0x00007ff83f140000 - 0x00007ff83f3d3000 	C:\WINDOWS\WinSxS\amd64_microsoft.windows.common-controls_6595b64144ccf1df_6.0.26100.8115_none_3e075c82e3354f9c\COMCTL32.dll
0x00007ff852a80000 - 0x00007ff852a8b000 	C:\WINDOWS\SYSTEM32\VERSION.dll
0x00007ff863e90000 - 0x00007ff863ec2000 	C:\WINDOWS\System32\IMM32.DLL
0x00007ff853d20000 - 0x00007ff853d2c000 	C:\Program Files\Java\jdk-17\bin\vcruntime140_1.dll
0x00007ff84b360000 - 0x00007ff84b3ee000 	C:\Program Files\Java\jdk-17\bin\msvcp140.dll
0x00007fffc8740000 - 0x00007fffc9320000 	C:\Program Files\Java\jdk-17\bin\server\jvm.dll
0x00007ff8645c0000 - 0x00007ff8645c8000 	C:\WINDOWS\System32\PSAPI.DLL
0x00007ff853b70000 - 0x00007ff853b7a000 	C:\WINDOWS\SYSTEM32\WSOCK32.dll
0x00007ff863b90000 - 0x00007ff863c10000 	C:\WINDOWS\System32\WS2_32.dll
0x00007ff85a790000 - 0x00007ff85a7c6000 	C:\WINDOWS\SYSTEM32\WINMM.dll
0x00007ff860f40000 - 0x00007ff860f5b000 	C:\WINDOWS\SYSTEM32\kernel.appcore.dll
0x00007ff853b60000 - 0x00007ff853b6a000 	C:\Program Files\Java\jdk-17\bin\jimage.dll
0x00007ff860000000 - 0x00007ff860242000 	C:\WINDOWS\SYSTEM32\DBGHELP.DLL
0x00007ff863720000 - 0x00007ff863aa2000 	C:\WINDOWS\System32\combase.dll
0x00007ff8647c0000 - 0x00007ff864898000 	C:\WINDOWS\System32\OLEAUT32.dll
0x00007ff83a490000 - 0x00007ff83a4cb000 	C:\WINDOWS\SYSTEM32\dbgcore.DLL
0x00007ff863070000 - 0x00007ff863115000 	C:\WINDOWS\System32\bcryptPrimitives.dll
0x00007ff852b10000 - 0x00007ff852b35000 	C:\Program Files\Java\jdk-17\bin\java.dll
0x00007ff84b280000 - 0x00007ff84b357000 	C:\Program Files\Java\jdk-17\bin\jsvml.dll
0x00007ff864930000 - 0x00007ff865097000 	C:\WINDOWS\System32\SHELL32.dll
0x00007ff8625e0000 - 0x00007ff86274a000 	C:\WINDOWS\System32\wintypes.dll
0x00007ff862800000 - 0x00007ff863068000 	C:\WINDOWS\System32\windows.storage.dll
0x00007ff8656a0000 - 0x00007ff865798000 	C:\WINDOWS\System32\SHCORE.dll
0x00007ff8654d0000 - 0x00007ff865536000 	C:\WINDOWS\System32\shlwapi.dll
0x00007ff8620d0000 - 0x00007ff8620f9000 	C:\WINDOWS\SYSTEM32\profapi.dll
0x00007ff84eb40000 - 0x00007ff84eb59000 	C:\Program Files\Java\jdk-17\bin\net.dll
0x00007ff85ca00000 - 0x00007ff85cb2d000 	C:\WINDOWS\SYSTEM32\WINHTTP.dll
0x00007ff8614b0000 - 0x00007ff86151c000 	C:\WINDOWS\system32\mswsock.dll
0x00007ff84eb20000 - 0x00007ff84eb36000 	C:\Program Files\Java\jdk-17\bin\nio.dll
0x00007ff84b260000 - 0x00007ff84b278000 	C:\Program Files\Java\jdk-17\bin\zip.dll
0x00007ff860950000 - 0x00007ff860982000 	C:\WINDOWS\SYSTEM32\IPHLPAPI.DLL
0x00007ff8646f0000 - 0x00007ff8646fa000 	C:\WINDOWS\System32\NSI.dll
0x00007ff85ccc0000 - 0x00007ff85ccdd000 	C:\WINDOWS\SYSTEM32\dhcpcsvc6.DLL
0x00007ff85cc70000 - 0x00007ff85cc95000 	C:\WINDOWS\SYSTEM32\dhcpcsvc.DLL
0x00007ff8609f0000 - 0x00007ff860b22000 	C:\WINDOWS\SYSTEM32\DNSAPI.dll

dbghelp: loaded successfully - version: 4.0.5 - missing functions: none
symbol engine: initialized successfully - sym options: 0x614 - pdb path: .;C:\Program Files\Java\jdk-17\bin;C:\WINDOWS\SYSTEM32;C:\WINDOWS\WinSxS\amd64_microsoft.windows.common-controls_6595b64144ccf1df_6.0.26100.8115_none_3e075c82e3354f9c;C:\Program Files\Java\jdk-17\bin\server

VM Arguments:
jvm_args: -ea -Dfile.encoding=UTF-8 -Dstdout.encoding=UTF-8 -Dstderr.encoding=UTF-8 -XX:+ShowCodeDetailsInExceptionMessages 
java_command: org.eclipse.jdt.internal.junit.runner.RemoteTestRunner -version 3 -port 50487 -testLoaderClass org.eclipse.jdt.internal.junit5.runner.JUnit5TestLoader -loaderpluginname org.eclipse.jdt.junit5.runtime -packageNameFile C:\Users\DELL\AppData\Local\Temp\packageNames17826271705352150055.txt
java_class_path (initial): D:\FOUNDERLINK-LOCALHOST\investment-service\target\test-classes;D:\FOUNDERLINK-LOCALHOST\investment-service\target\classes;C:\Users\DELL\.m2\repository\org\springframework\cloud\spring-cloud-starter-openfeign\4.3.1\spring-cloud-starter-openfeign-4.3.1.jar;C:\Users\DELL\.m2\repository\org\springframework\cloud\spring-cloud-starter\4.3.1\spring-cloud-starter-4.3.1.jar;C:\Users\DELL\.m2\repository\org\springframework\cloud\spring-cloud-context\4.3.1\spring-cloud-context-4.3.1.jar;C:\Users\DELL\.m2\repository\org\bouncycastle\bcprov-jdk18on\1.80\bcprov-jdk18on-1.80.jar;C:\Users\DELL\.m2\repository\org\springframework\cloud\spring-cloud-openfeign-core\4.3.1\spring-cloud-openfeign-core-4.3.1.jar;C:\Users\DELL\.m2\repository\org\springframework\boot\spring-boot-autoconfigure\3.5.12\spring-boot-autoconfigure-3.5.12.jar;C:\Users\DELL\.m2\repository\io\github\openfeign\feign-form-spring\13.6\feign-form-spring-13.6.jar;C:\Users\DELL\.m2\repository\org\apache\commons\commons-text\1.13.0\commons-text-1.13.0.jar;C:\Users\DELL\.m2\repository\org\apache\commons\commons-lang3\3.17.0\commons-lang3-3.17.0.jar;C:\Users\DELL\.m2\repository\io\github\openfeign\feign-form\13.6\feign-form-13.6.jar;C:\Users\DELL\.m2\repository\commons-fileupload\commons-fileupload\1.5\commons-fileupload-1.5.jar;C:\Users\DELL\.m2\repository\org\springframework\spring-web\6.2.17\spring-web-6.2.17.jar;C:\Users\DELL\.m2\repository\org\springframework\spring-beans\6.2.17\spring-beans-6.2.17.jar;C:\Users\DELL\.m2\repository\org\springframework\cloud\spring-cloud-commons\4.3.1\spring-cloud-commons-4.3.1.jar;C:\Users\DELL\.m2\repository\org\springframework\security\spring-security-crypto\6.5.9\spring-security-crypto-6.5.9.jar;C:\Users\DELL\.m2\repository\io\github\openfeign\feign-core\13.6\feign-core-13.6.jar;C:\Users\DELL\.m2\repository\io\github\openfeign\feign-slf4j\13.6\feign-slf4j-13.6.jar;C:\Users\DELL\.m2\repository\org\springframework\boot\spring-boot-starter-actuator\3.5.12\spr
Launcher Type: SUN_STANDARD

[Global flags]
     intx CICompilerCount                          = 4                                         {product} {ergonomic}
     uint ConcGCThreads                            = 2                                         {product} {ergonomic}
     uint G1ConcRefinementThreads                  = 8                                         {product} {ergonomic}
   size_t G1HeapRegionSize                         = 1048576                                   {product} {ergonomic}
    uintx GCDrainStackTargetSize                   = 64                                        {product} {ergonomic}
   size_t InitialHeapSize                          = 130023424                                 {product} {ergonomic}
   size_t MarkStackSize                            = 4194304                                   {product} {ergonomic}
   size_t MaxHeapSize                              = 2078277632                                {product} {ergonomic}
   size_t MaxNewSize                               = 1246756864                                {product} {ergonomic}
   size_t MinHeapDeltaBytes                        = 1048576                                   {product} {ergonomic}
   size_t MinHeapSize                              = 8388608                                   {product} {ergonomic}
    uintx NonNMethodCodeHeapSize                   = 5839372                                {pd product} {ergonomic}
    uintx NonProfiledCodeHeapSize                  = 122909434                              {pd product} {ergonomic}
    uintx ProfiledCodeHeapSize                     = 122909434                              {pd product} {ergonomic}
    uintx ReservedCodeCacheSize                    = 251658240                              {pd product} {ergonomic}
     bool SegmentedCodeCache                       = true                                      {product} {ergonomic}
     bool ShowCodeDetailsInExceptionMessages       = true                                   {manageable} {command line}
   size_t SoftMaxHeapSize                          = 2078277632                             {manageable} {ergonomic}
     bool UseCompressedClassPointers               = true                           {product lp64_product} {ergonomic}
     bool UseCompressedOops                        = true                           {product lp64_product} {ergonomic}
     bool UseG1GC                                  = true                                      {product} {ergonomic}
     bool UseLargePagesIndividualAllocation        = false                                  {pd product} {ergonomic}

Logging:
Log output configuration:
 #0: stdout all=warning uptime,level,tags
 #1: stderr all=off uptime,level,tags

Environment Variables:
JAVA_HOME=C:\Program Files\Java\jdk-17
PATH=D:/SDET/eclipse-java-2025-12-R-win32-x86_64/eclipse//plugins/org.eclipse.justj.openjdk.hotspot.jre.full.win32.x86_64_21.0.9.v20251105-0741/jre/bin/server;D:/SDET/eclipse-java-2025-12-R-win32-x86_64/eclipse//plugins/org.eclipse.justj.openjdk.hotspot.jre.full.win32.x86_64_21.0.9.v20251105-0741/jre/bin;D:\app\DELL\product\11.1.0\db_2\bin;C:\app\DELL\product\21c\dbhomeXE\bin;C:\WINDOWS\system32;C:\WINDOWS;C:\WINDOWS\System32\Wbem;C:\WINDOWS\System32\WindowsPowerShell\v1.0\;C:\WINDOWS\System32\OpenSSH\;C:\Program Files\dotnet\;C:\Program Files\Java\jdk-17\bin;C:\spark\bin;C:\kafka\bin;C:\Program Files\nodejs\;C:\Program Files\Git\cmd;C:\Program Files\Docker\Docker\resources\bin;C:\apache-maven\bin;C:\Program Files\Java\jdk-17;C:\Program Files\MySQL\MySQL Shell 8.0\bin\;C:\Users\DELL\AppData\Local\Programs\Python\Python313\Scripts\;C:\Users\DELL\AppData\Local\Programs\Python\Python313\;C:\Users\DELL\AppData\Local\Microsoft\WindowsApps;C:\Users\DELL\AppData\Local\Programs\Microsoft VS Code\bin;C:\Users\DELL\AppData\Local\PowerToys\;C:\Users\DELL\AppData\Roaming\npm;C:\Users\DELL\AppData\Local\Programs\Antigravity\bin;D:\SDET\eclipse-java-2025-12-R-win32-x86_64\eclipse;
USERNAME=DELL
OS=Windows_NT
PROCESSOR_IDENTIFIER=Intel64 Family 6 Model 140 Stepping 1, GenuineIntel



---------------  S Y S T E M  ---------------

OS:
 Windows 11 , 64 bit Build 26100 (10.0.26100.8246)
OS uptime: 3 days 3:12 hours
Hyper-V role detected

CPU: total 8 (initial active 8) (4 cores per cpu, 2 threads per core) family 6 model 140 stepping 1 microcode 0xbe, cx8, cmov, fxsr, ht, mmx, 3dnowpref, sse, sse2, sse3, ssse3, sse4.1, sse4.2, popcnt, lzcnt, tsc, tscinvbit, avx, avx2, aes, erms, clmul, bmi1, bmi2, adx, avx512f, avx512dq, avx512cd, avx512bw, avx512vl, sha, fma, vzeroupper, avx512_vpopcntdq, avx512_vpclmulqdq, avx512_vaes, avx512_vnni, clflush, clflushopt, clwb, avx512_vbmi2, avx512_vbmi, hv

Memory: 4k page, system-wide physical 7926M (818M free)
TotalPageFile size 21527M (AvailPageFile size 22M)
current process WorkingSet (physical memory assigned to process): 63M, peak: 64M
current process commit charge ("private bytes"): 219M, peak: 220M

vm_info: Java HotSpot(TM) 64-Bit Server VM (17.0.12+8-LTS-286) for windows-amd64 JRE (17.0.12+8-LTS-286), built on Jun  5 2024 06:46:59 by "mach5one" with MS VC++ 17.6 (VS2022)

END.
